0	تیم‌ایران
1	با
2	پنج‌سانداکا‌رمرد
3	و
4	سه
5	زن
6	در
7	جام
8	جهانی
9	حضور
10	یافته
11	است
12	.
0	در
1	رقابت‌های
2	نوبت
3	صبح‌یکشنبه
4	«
5	الهه
6	منصوریان
7	»
8	،
9	«
10	فریناز‌نذیری
11	»
12	،
13	«
14	محسن
15	محمد
16	سیفی
17	»
18	و
19	«
20	میلادعارفی‌مقام
21	»
22	با
23	برتری
24	برابر
25	حریفان
26	به
27	مدال‌طلا
28	دست
29	یافتند
30	تا
31	تعداد
32	نشان‌های
33	زرین‌تیم
34	کشورمان
35	به
36	عدد
37	5
38	برسد
39	.
0	روز
1	اول
2	نیز
3	«
4	شهر
5	بانو
6	منصوریان
7	»
8	به
9	نشان
10	طلای
11	وزن
12	65
13	کیلوگرم
14	رسیده
15	بود
16	.
0	لازم
1	به
2	ذکر
3	است
4	که
5	عصر
6	یکشنبه
7	«
8	یوسف
9	صبری
10	»
11	و
12	«
13	معین
14	تقوی
15	»
16	هم
17	برای
18	کسب
19	مدال
20	طلا
21	به
22	مصاف
23	حریفان
24	می‌روند
25	.
0	تیم
1	صدر
2	شیمی
3	با
4	غلبه
5	بر
6	همشهری
7	مقتدر
8	خود
9	عنوان
10	قهرمانی
11	مسابقات
12	کشوری
13	را
14	از
15	آن
16	خود
17	کرد
18	.
0	در
1	دیدار
2	فینال‌تیم
3	صدر
4	شیمی
5	یزد
6	موفق
7	شد
8	با
9	نتیجه
10	۲
11	بر
12	۱
13	تیم
14	گلسا
15	پوش
16	یزد
17	را
18	که
19	از
20	بازیکنان
21	ملی‌پوش
22	سود
23	می‌برد
24	شکست‌داده
25	و
26	به
27	مقام‌قهرمانی
28	دست
29	یابد
30	.
0	در
1	دیدار
2	رده‌بندی
3	نیز
4	تیم
5	پرسپولیس
6	مردآباد
7	با
8	شکست
9	تیم
10	هیأت
11	روستایی
12	خراسان
13	شمالی
14	مقام
15	سوم
16	این
17	مسابقات
18	را
19	از
20	آن
21	خود
22	کرد
23	به
24	گزارش
25	خبرگزاری
26	فارس
27	،
28	سردار
29	غلامرضا
30	جلالی
31	رئیس
32	سازمان
33	پدافند
34	غیر
35	عامل
36	طی‌نشست
37	خبری
38	که
39	به
40	مناسبت
41	8
42	آبان
43	سالروز
44	تشکیل
45	این
46	سازمان
47	برگزار
48	شد
49	،
50	ماموریت
51	اول
52	سازمان
53	پدافند
54	غیرعامل
55	را
56	دیده‌بانی
57	نسبت‌به
58	تهدیدات
59	،
60	تشخیص‌تهدیدات
61	و
62	هشدار
63	در
64	حوزه‌های
65	مختلف
66	دانست
67	و
68	اظهار
69	داشت
70	:
71	دو
72	مین‌ما
73	موریت
74	این
75	سازمان
76	،
77	کاهش
78	آسیب‌پذیری
79	کل
80	زیر
81	ساخت‌های‌کشور
82	و
83	شهرها
84	دربرابر
85	تهدیدات
86	امنیتی
87	است
88	که
89	به
90	صورت
91	مداوم
92	و
93	متغیر
94	دنبال
95	می‌شود
96	و
97	ماموریت
98	سوم
99	نیز
100	مصون‌سازی
101	زیر
102	ساخت‌های
103	کل
104	کشور
105	است
106	.
0	وی
1	خاطرنشان
2	کرد
3	:
4	درمورد
5	‌حضور
6	پدافند
7	غیر
8	عامل
9	در
10	شورای‌عالی
11	فضای
12	مجازی
13	و
14	گردشگری
15	با
16	رهبری
17	نامه‌نگاری
18	شده
19	که
20	مورد
21	موافقت
22	قرار
23	گرفته است
24	.
0	جلالی
1	با
2	بیان
3	اینکه
4	60
5	محصول
6	استراتژیک
7	پدافند
8	سایبری
9	بومی
10	کشور
11	را
12	ارائه
13	خواهیم داد
14	،
15	گفت
16	:
17	5
18	محصول
19	اسکادای
20	بومی
21	نیز
22	که
23	برای
24	کنترل
25	و
26	دیسپاچینگ
27	بکار
28	می
29	رود
30	،
31	توسط
32	متخصصان‌داخلی
33	ساخته شده است
34	.
0	یک
1	بازدیدکننده
2	در
3	روز
4	افتتاح
5	«
6	کتابخانه
7	حلزونی
8	»
9	در
10	شهر
11	هانگ‌ژو
12	در
13	استان
14	ژجیانگ
15	در
16	چین
17	سلفی‌می‌گیرد
18	.
0	این
1	کتابخانه
2	با
3	هدف
4	ارائه
5	منابع‌آنلاین
6	در
7	کنار
8	کتابخانه
9	و
10	منابع
11	سنتی
12	ایجاد
13	شده است
14	.
0	کوچک
1	پا
2	،
3	داستان
4	یک
5	«
6	یتی
7	»
8	(
9	مرد
10	برفی
11	)
12	دانشمند
13	است
14	که
15	متقاعد
16	شده
17	موجودات
18	نادری
19	که
20	بانام
21	«
22	کوچک‌پا
23	»‌ها
24	(
25	انسان‌ها
26	»
27	،
28	واقعاً
29	وجود
30	دارند
31	!
0	اکران‌جهانی
1	این
2	انیمیشن
3	جذاب
4	،
5	از
6	ششم‌مهر
7	آغازشده
8	و
9	احتمالاً
10	تا
11	مدتی
12	دیگر
13	نسخه‌ی
14	دوبله‌ی
15	آن
16	به
17	سینماها
18	و
19	شبکه‌ی‌نمایش
20	خانگی
21	ما
22	هم
23	می‌رسد
24	.
0	به
1	همین
2	مناسبت
3	ترجمه‌ی
4	گفت‌وگویی
5	را
6	با
7	این
8	کارگردان
9	برای
10	شما
11	انتخاب
12	کرده‌ایم
13	تا
14	بیش‌تر
15	باحال
16	و
17	هوای
18	این
19	داستان
20	متفاوت
21	و
22	عجیب
23	از
24	زندگی
25	یتی‌ها
26	آشنا
27	شویم
28	.
0	زمانی‌که
1	بحث
2	هم‌کاری
3	با
4	پروژه‌ی
5	کوچک‌پا
6	را
7	به
8	من
9	پیشنهاد
10	دادند
11	،
12	با
13	«
14	ب
15	ِ
16	ر
17	ِ
18	گزیت
19	»
20	(
21	خروج
22	انگلیس
23	از
24	اتحاد
25	یه‌ی‌ار
26	و
27	پا
28	)
29	هم‌زمان
30	بود
31	.
0	انتخابات
1	برگزار
2	شد
3	.
0	در
1	جهان
2	موج
3	مهاجرت
4	آغاز
5	شده بود
6	.
0	گروهی
1	از
2	مردم
3	روزبه‌روز
4	به
5	سمت
6	قوم‌گرایی
7	و
8	انزواطلبی
9	گرایش
10	پیدا
11	می‌کردند
12	و
13	مذاکرات
14	زیادی
15	برای
16	تقویت
17	مرزبندی
18	بین
19	کشورها
20	،
21	مثل
22	دیوارکشی
23	بین
24	مکزیک
25	و
26	آمریکا
27	در
28	جریان
29	بود
30	.
0	نه
1	،
2	انیمیشن‌ها
3	عموماً
4	درطول
5	پروسه‌ی
6	تولید
7	،
8	دست‌خوش
9	تغییرات
10	زیادی
11	می‌شوند
12	.
0	درباره‌ی
1	این
2	فیلم
3	هم
4	،
5	آمدن
6	من
7	هم‌زمان
8	شد
9	با
10	تغییر
11	مدیریت
12	در
13	بخش
14	انیمیشن
15	استودیوی
16	«
17	برادران
18	وارنر
19	»
20	.
0	آن‌ها
1	کار
2	موزیکالی
3	را
4	از
5	من
6	در
7	«
8	برادو
9	ِ‌ی
10	»
11	دیده بودند
12	و
13	خواستند
14	که
15	کوچک‌پا
16	هم
17	موزیکال
18	شود
19	.
0	شاید
1	سخت
2	باشد
3	که
4	بپذیریم
5	استودیوی
6	وارنر
7	هم
8	می‌تواند
9	به‌خوبی
10	استودیوهای
11	«
12	دیزنی
13	»
14	،
15	«
16	پیکسار
17	»
18	یا
19	«
20	دریم‌ورکز
21	»
22	،
23	موزیکالی
24	موفق
25	بسازد
26	.
0	اما
1	باتمام
2	احترامی
3	که
4	برای
5	کمپانی‌های
6	دیگر
7	قائلم
8	باید
9	بگویم
10	،
11	بخش
12	بزرگی
13	از
14	دنیای
15	کودکی
16	و
17	نوجوانی
18	ما
19	با
20	«
21	با
22	گزبانی
23	»
24	،
25	«
26	دافی‌داک
27	»
28	و
29	«
30	چاک‌جونز
31	»
32	سپری‌شده
33	و
34	استودیوی
35	وارنر
36	خیلی
37	پیش‌تر
38	از
39	این
40	،
41	قدرتش
42	را
43	در
44	تولید
45	انیمیشن‌های
46	به‌یادماندنی
47	نشان
48	داده است
49	.
0	این
1	را
2	به‌خلاقیت
3	تدوین
4	گرمان
5	،
6	یعنی
7	«
8	پیتر
9	اتینگر
10	»
11	مدیونیم
12	.
0	او
1	کلمه‌هایی
2	را
3	تصادفی
4	اتنخاب
5	می‌کرد
6	و
7	گام‌های
8	آن
9	را
10	تغییر
11	می‌داد
12	.
0	او
1	به
2	فرمولی
3	رسید
4	و
5	آن
6	را
7	در
8	تمام‌انیمیشن
9	،
10	به‌کار
11	برد
12	.
0	وقتی
1	برای
2	اولین‌بار
3	آن‌ها
4	را
5	شنیدیم
6	همه
7	به
8	خنده
9	افتادیم
10	.
0	به
1	نظرم
2	بامزه‌ترین
3	دیالوگ
4	آن‌جاست
5	که
6	شخصیت
7	«
8	پرسی
9	»
10	می‌گوید
11	:
12	«
13	بگیر
14	-
15	تو
16	-
17	دا
18	-
19	بی
20	-
21	لا
22	-
23	بو
24	!
0	»
1	با
2	شما
3	موافقم
4	و
5	به
6	این
7	فهرست
8	دو
9	انیمیشن
10	دوست‌داشتنی
11	«
12	لک
13	لک‌ها
14	»
15	و
16	«
17	لگو
18	»
19	را
20	هم
21	اضافه‌می‌کنم
22	.
0	اما
1	برگردیم
2	به
3	کوچک
4	پا
5	.
0	به
1	نظرم
2	لایه‌های
3	بسیاری
4	در
5	این
6	انیمیشن
7	وجود
8	دارد
9	؛
10	طنز
11	،
12	موسیقی
13	،
14	داستان
15	،
16	پیام‌هایی
17	پیرامون
18	آفرینش
19	،
20	کشف
21	جهان
22	و
23	.
0	.
0	.
0	رئیس‌جمهور
1	بعدی‌گر
2	جستان
3	در
4	سال
5	۲۰۲۴
6	میلادی
7	توسط
8	یک
9	کالج
10	انتخاباتی
11	که
12	متشکل
13	از
14	۳۰۰
15	عضو
16	است
17	،
18	انتخاب
19	خواهد شد
20	.
0	این
1	تغییر
2	قانون
3	اساسی
4	در
5	سپتامبر
6	سال
7	۲۰۱۷
8	میلادی
9	اتخاذ
10	شد
11	؛
12	اقدامی
13	که
14	ازسوی
15	احزاب
16	اپوزیسیون
17	مورد
18	انتقاد
19	قرار‌گرفته
20	و
21	آن
22	را
23	به
24	عنوان
25	اقدامی
26	به
27	نفع
28	حزب
29	حاکم
30	محکوم‌کردند
31	.
0	گیورگی
1	مارگولاشویلی
2	،
3	رئیس‌جمهور
4	در
5	حال
6	کناره‌گیری
7	گرجستان
8	از
9	نامزدی
10	در
11	انتخابات
12	برای
13	دومین
14	دوره
15	متوالی
16	امتناع
17	و
18	تاکید
19	‌کرد
20	تمایل
21	ندارد
22	نقشی
23	را
24	که
25	کم
26	رنگ‌وتشریفاتی
27	شده
28	،
29	برعهده
30	گیرد
31	.
0	کنگره
1	جهانی
2	است
3	که
4	در
5	دنیا
6	نظیر
7	ندارد
8	،
9	اظهار
10	داشت
11	:
12	دشمنان
13	اسلام
14	از
15	برپایی
16	این
17	عظمت
18	عصبانی
19	هستند
20	.
0	همانطور
1	که
2	امام‌خمینی
3	(ره)
4	فرمودند
5	«
6	راه
7	قدس
8	از
9	کربلا
10	می‌گذرد
11	»
12	،
13	این
14	حضور
15	میلیونی
16	زائران
17	اربعین
18	زمینه‌ساز
19	همین
20	فرمایش
21	ایشان
22	است
23	.
0	وی
1	با
2	اشاره
3	به
4	اینکه
5	حماسه
6	پیاده‌روی
7	اربعین
8	انقدر
9	عظیم
10	است
11	که
12	هیچ
13	گروه
14	و
15	دولتی
16	نمی‌تواند
17	مدعی
18	باشد
19	که
20	به
21	تنهایی
22	این
23	حضور
24	میلیونی
25	را
26	اداره
27	می‌کند
28	،
29	افزود
30	:
31	این
32	حماسه
33	عظیم
34	یک
35	حرکت
36	مردمی
37	است
38	که
39	خود
40	مردم
41	آن
42	را
43	اداره
44	می‌کنند
45	.
0	حجت‌الاسلام
1	نجفی
2	با
3	بیان
4	اینکه
5	در
6	بازدید
7	از
8	موکب‌ها
9	دیدیم
10	که
11	خا
12	دمان
13	و
14	زائران
15	با
16	تمام‌مشکلات
17	از
18	اقتصادی
19	یا
20	حتی
21	آب‌وهوایی
22	بااخلاص
23	به
24	خدمت‌رسانی
25	مشغول
26	هستند
27	،
28	گفت
29	:
30	یقین
31	دارم
32	که
33	پیاده‌روی
34	اربعین
35	امسال
36	از
37	سال‌های
38	گذشته
39	باشکوه‌تر
40	خواهد بود
41	و
42	هیچ‌کسی
43	اجازه
44	نمی‌دهد
45	که
46	این
47	حرکت
48	عظیم
49	کم‌رنگ
50	شود
51	.
0	نماینده
1	مقام
2	معظم
3	رهبری
4	در
5	کربلا
6	خاطرنشان
7	کرد
8	:
9	خدمت
10	به
11	زائران
12	اربعین
13	هدیه
14	الهی
15	است
16	که
17	نصیب
18	محبان
19	اهل‌بیت
20	(ع)
21	شده است
22	.
0	خدا
1	را
2	شکر
3	که
4	پرچم
5	امام
6	حسین
7	(ع)
8	برسر
9	همه
10	ما
11	گسترده شده است
12	.
0	وی
1	ضمن
2	مثبت
3	ارزیابی
4	کردن
5	خدمات
6	ارائه‌شده
7	در
8	موکب‌های
9	اربعین
10	گفت
11	:
12	از
13	همه
14	موکب
15	داران
16	تشکر
17	و
18	سلام
19	مقام
20	معظم
21	رهبری
22	را
23	به
24	آنها
25	ابلاغ
26	می‌کنم
27	.
0	به
1	گزارش
2	مهر
3	،
4	محمدرضا
5	حسین‌زاده
6	اظهار
7	داشت
8	:
9	درخواست
10	کردیم
11	اگر
12	اجازه
13	افزایش
14	تعداد
15	باجه‌ها
16	و
17	همچنین
18	افزایش
19	ساعات‌کار
20	و
21	شبانه‌روزی
22	کردن
23	آن‌ها
24	را
25	نمی‌دهند
26	،
27	لااقل
28	اجازه
29	بدهند
30	دینار
31	های‌موجود
32	را
33	به
34	داخل
35	مرز
36	ایران
37	منتقل
38	کنیم
39	تا
40	در
41	کشورمان
42	و
43	در
44	لب
45	مرز
46	به
47	زائران
48	پرداخت‌شود
49	که
50	متأسفانه
51	طرف
52	عراقی
53	با
54	این
55	پیشنهاد
56	هم
57	موافقت
58	نکرده است
59	.
