0	مقام
1	معظم
2	رهبری
3	در
4	دیدار
5	رئیس
6	و
7	مسئولان
8	سازمان
9	پدافند
10	غیرعامل
11	اظهار
12	داشتند
13	:
14	پدافند
15	غیرعامل
16	درمقابل
17	تهاجم
18	دشمنان
19	علمی
20	،
21	جدی
22	و
23	همه‌جانبه
24	باشد
25	.
0	به
1	گزارش
2	پایگاه
3	اطلاع‌رسانی
4	دفتر
5	حفظ
6	و
7	نشر
8	آثار
9	رهبر
10	معظم
11	انقلاب
12	،
13	حضرت
14	آیت‌الله
15	خامنه‌ای
16	رهبر
17	معظم
18	انقلاب
19	اسلامی
20	ظهر
21	امروز
22	(
23	یکشنبه
24	6
25	آبان
26	)
27	در
28	این
29	دیدار
30	با
31	اشاره
32	به
33	اهمیت
34	روزافزون
35	پدافند
36	غیرعامل
37	در
38	مقابله
39	با
40	تهدیدهای
41	نو
42	شونده
43	دشمنان
44	،
45	تأکید
46	کردند
47	:
48	درمقابل
49	شیوه‌های
50	پیچیده
51	تهاجم
52	دشمنان
53	،
54	پدافند
55	غیرعامل
56	نیز
57	باید
58	کاملاً
59	هوشیار
60	و
61	جدی
62	باشد
63	و
64	به
65	صورت
66	علمی
67	،
68	دقیق
69	،
70	به‌روز
71	و
72	همه‌جانبه
73	عمل
74	و
75	با
76	هرگونه
77	نفوذ
78	مقابله
79	کند
80	.
0	حضرت
1	آیت‌الله
2	خامنه‌ای
3	توجه
4	مسئولان
5	در
6	همه
7	بخش‌ها
8	به
9	اهمیت
10	پدافند
11	غیرعامل
12	را
13	لازم
14	دانستند
15	و
16	افزودند
17	:
18	اگر
19	مدیران
20	کشور
21	اهمیت
22	این
23	مسئله
24	را
25	درک
26	نکنند
27	و
28	پدافند
29	غیرعامل
30	به
31	طور
32	شایسته
33	توسعه
34	پیدا
35	نکند
36	،
37	کشور
38	در
39	معرض
40	تهدیدهای
41	بعضاً
42	غیرقابل‌جبران
43	قرار
44	خواهد گرفت
45	،
46	بنابراین
47	مسئولان
48	بخش‌های
49	مختلف
50	کشور
51	چه
52	بخش‌های
53	نظامی
54	و
55	چه
56	بخش‌های
57	غیرنظامی
58	،
59	باید
60	با
61	پدافند
62	غیرعامل
63	همکاری
64	کامل
65	و
66	لازم
67	انجام
68	دهند
69	.
0	ایران
1	و
2	اتحادیه
3	اروپا
4	برای
5	رونمایی
6	از
7	یک
8	تونل
9	مالی
10	ویژه
11	،
12	با
13	هدف
14	خنثی‌سازی
15	اثر
16	تحریم‌های
17	آمریکا
18	و
19	هموار
20	شدن
21	راه
22	تجارت
23	بین
24	کشورمان
25	با
26	جهان
27	آماده
28	می‌شوند
29	.
0	ایجاد
1	کانال
2	ویژه
3	مالی
4	اروپا
5	یکی
6	از
7	گام‌های
8	عملی
9	برای
10	حفظ
11	برجام
12	و
13	بهره‌مندی
14	ایران
15	از
16	منافع
17	اقتصادی
18	آن
19	ازجمله
20	ایمن
21	ماندن
22	مسیر
23	فروش
24	نفت
25	و
26	دیگر
27	کالاهای
28	صادراتی
29	به
30	اروپا
31	و
32	البته
33	سایر
34	کشورها
35	به‌شمار
36	می‌رود
37	و
38	قرار
39	است
40	مبنای
41	ردوبدل
42	مالی
43	در
44	این
45	کانال
46	ویژه
47	براساس
48	یورو
49	و
50	نه
51	دلار
52	صورت
53	گیرد
54	.
0	به‌گزارش
1	همشهری
2	،
3	عبدالناصر
4	همتی
5	،
6	رئیس‌کل
7	بانک
8	مرکزی
9	ایران
10	در
11	تازه‌ترین
12	واکنش
13	به
14	این
15	موضوع
16	گفته است
17	جزئیات
18	و
19	نحوه
20	استفاده
21	از
22	کانال
23	ویژه
24	مالی
25	اروپا
26	هفته
27	آینده
28	در
29	جریان
30	یک
31	نشست
32	که
33	در
34	شهر
35	بروکسل
36	بلژیک
37	،
38	مقر
39	اتحادیه
40	اروپا
41	برگزار
42	می‌شود
43	،
44	نهایی
45	خواهد شد
46	.
0	او
1	وعده
2	داده
3	جزئیات
4	این
5	کانال
6	ضد
7	‌تحریم
8	به‌زودی
9	اعلام
10	خواهد شد
11	.
0	به
1	گفته
2	این
3	مقام
4	ارشد
5	بانک
6	مرکزی
7	،
8	جزئیات
9	این
10	کانال
11	هفته
12	آینده
13	بین
14	ایران
15	و
16	اروپا
17	موردبررسی
18	نهایی
19	قرار
20	می‌گیرد
21	و
22	هدف
23	نخست
24	آن
25	رفع
26	مشکلات
27	مربوط
28	به
29	انجام
30	پرداخت‌های
31	مالی
32	است
33	.
0	او
1	در
2	صفحه
3	اینستاگرام
4	خود
5	نوشته است
6	:
7	کانال
8	ویژه
9	مالی
10	اروپا
11	،
12	نقش
13	نوعی
14	پیمان
15	پولی
16	دوجانبه
17	میان
18	ایران
19	و
20	اتحادیه
21	اروپا
22	را
23	ایفا
24	خواهد کرد
25	و
26	هر
27	دو
28	طرف
29	بر
30	تسریع
31	در
32	عملیاتی
33	شدن
34	این
35	فرایند
36	تأکید
37	دارند
38	.
0	پیش‌تر
1	در
2	هفته
3	نخست
4	مهرماه
5	فدریکا
6	موگرینی
7	،
8	مسئول
9	سیاست
10	خارجی
11	اتحادیه
12	اروپا
13	،
14	قول
15	داده بود
16	که
17	کانال
18	ویژه
19	مالی
20	اروپا
21	تا
22	قبل‌از
23	10
24	آبان
25	یعنی
26	چند
27	روز
28	مانده
29	به
30	اعمال
31	مرحله
32	دوم
33	تحریم‌های
34	یک‌جانبه
35	و
36	فراسرزمینی
37	آمریکا
38	علیه
39	ایران
40	ایجاد
41	شود
42	.
0	ایجاد
1	کانال
2	ویژه
3	مالی
4	برمبنای
5	الگوی
6	پیمان
7	دوجانبه
8	پولی
9	به
10	این
11	معناست
12	که
13	بین
14	ایران
15	به‌عنوان
16	کشور
17	صادرکننده
18	نفت
19	و
20	سایر
21	کالاها
22	و
23	کشور
24	خریدار
25	،
26	پول
27	ملی
28	2
29	کشور
30	مبنای
31	عمل
32	تسویه‌حساب
33	قرار
34	می‌گیرد
35	اما
36	پیش‌از
37	این
38	اعلام
39	شده بود
40	که
41	سازوکار
42	مالی
43	پیشنهادشده
44	ازسوی
45	اروپا
46	برمبنای
47	یورو
48	به‌معناًی
49	واحد
50	پولی
51	این
52	قاره
53	خواهد بود
54	و
55	اجرایی
56	شدن
57	آن
58	مستلزم
59	همکاری
60	بانک‌های
61	مرکزی
62	ایران
63	با
64	دیگر
65	بانک‌های
66	مرکزی
67	اروپا
68	ست
69	.
0	ایرنا
1	گزارش
2	داده
3	در
4	قالب
5	سازوکار
6	مالی
7	پیشنهادی
8	اروپا
9	،
10	ایران
11	می‌تواند
12	کالاها
13	ازجمله
14	نفت
15	و
16	فرآورده‌های
17	نفتی
18	را
19	به
20	اروپا
21	صادر
22	و
23	درقبال
24	آن
25	کالاها
26	و
27	خدمات
28	موردنیاز
29	را
30	از
31	کشورهای
32	اروپایی
33	خریداری
34	کند
35	و
36	تهاتر
37	دریافت
38	و
39	پرداخت‌ها
40	بین
41	بانک‌های
42	مرکزی
43	و
44	نه
45	شبکه
46	بانکی
47	صورت
48	می‌پذیرد
49	.
0	«
1	آلبرت
2	بغزیان
3	»
4	استاد
5	اقتصاد
6	دانشگاه
7	تهران
8	می‌گوید
9	:
10	اگر
11	اروپا
12	بخواهد
13	و
14	از
15	آمریکا
16	ترس
17	نداشته باشد
18	،
19	به‌راحتی
20	می‌تواند
21	این
22	کانال
23	ارتباط
24	مالی
25	یورویی
26	را
27	با
28	ایران
29	برقرار
30	کند
31	؛
32	چون
33	حساب‌ها
34	بر
35	پایه
36	یورو
37	نگهداری
38	می‌شود
39	،
40	به‌راحتی
41	می‌توان
42	درآمد
43	حاصل
44	از
45	صادرات
46	ایران
47	را
48	با
49	واردات
50	کالاها
51	و
52	خدمات
53	از
54	حوزه
55	اروپا
56	تهاتر
57	کرد
58	.
0	عباس
1	هشی
2	،
3	کارشناس
4	اقتصادی
5	هم
6	توضیح
7	می‌دهد
8	این
9	کانال
10	یورویی
11	اختراع
12	جدیدی
13	نیست
14	و
15	عملکرد
16	آن
17	همچون
18	اتاق‌های
19	تسویه
20	پایاپای
21	در
22	زمان
23	جنگ
24	تحمیلی
25	خواهد بود
26	.
0	معاون
1	بین‌الملل
2	بانک
3	مرکزی
4	می‌گوید
5	:
6	آمریکایی‌ها
7	پیش‌از
8	١٣
9	آبان
10	هرچه
11	در
12	توان
13	داشتند
14	،
15	انجام
16	دادند
17	اما
18	با
19	برنامه‌ریزی‌ها
20	،
21	تلاش
22	داریم
23	هزینه‌های
24	تحریم
25	را
26	کاهش
27	داده
28	و
29	اجازه
30	ندهیم
31	جریان
32	تجاری
33	کشور
34	متوقف
35	شود
36	؛
37	ضمن
38	آنکه
39	اروپایی‌ها
40	به
41	چند
42	دلیل
43	نمی‌خواهند
44	تجارت
45	با
46	ایران
47	را
48	رها
49	کنند
50	.
0	براساس
1	اعلام
2	بانک
3	صادرات
4	ایران
5	،
6	حسین
7	یعقوبی
8	میاب
9	تأکید
10	می‌کند
11	:
12	تحریم‌های
13	اخیر
14	مانند
15	تحریم‌های
16	سازمان
17	ملل
18	گسترده
19	نیست
20	و
21	به
22	همین
23	دلیل
24	ابزارهای
25	بهتری
26	برای
27	مقابله
28	با
29	آنها
30	در
31	اختیار
32	داریم
33	.
0	معاون
1	بین‌الملل
2	بانک
3	مرکزی
4	تأکید
5	می‌کند
6	:
7	دولت
8	آمریکا
9	سعی
10	کرده است
11	با
12	خروج
13	از
14	برجام
15	،
16	اقتصاد
17	ایران
18	را
19	دچار
20	اختلال
21	کند
22	اما
23	حضور
24	اروپایی‌ها
25	و
26	تعهداتی
27	که
28	دادند
29	،
30	فشار
31	را
32	کم‌تر
33	کرد
34	؛
35	تا
36	زمانی‌که
37	اروپایی‌ها
38	حضور
39	دارند
40	معافیت‌های
41	خوب
42	همچنان
43	وجود
44	خواهد داشت
45	.
0	یعقوبی
1	می‌افزاید
2	:
3	تصور
4	می‌کنم
5	اروپایی‌ها
6	به
7	2
8	دلیل
9	به‌زودی
10	کنار
11	نخواهند رفت
12	؛
13	نخست
14	به‌واسطه
15	جنگ
16	تجاری
17	آنها
18	با
19	آمریکا
20	و
21	دوم
22	اینکه
23	به‌دنبال
24	تقویت
25	جایگاه
26	اروپا
27	در
28	فضای
29	اقتصاد
30	بین‌الملل
31	هستند
32	.
0	رویترز
1	به
2	نقل
3	از
4	3
5	دیپلمات
6	اروپایی
7	گزارش
8	داد
9	:
10	کانال
11	مالی
12	یا
13	سازوکار
14	اتحادیه
15	اروپا
16	برای
17	تسهیل
18	پرداخت
19	پول
20	اقلام
21	صادراتی
22	ایران
23	به
24	اروپا
25	با
26	هدف
27	عبور
28	از
29	تحریم‌های
30	آمریکا
31	،
32	تا
33	سیزدهم
34	آبان
35	به
36	شکل
37	نمادین
38	آماده
39	می‌شود
40	اما
41	عملیاتی
42	شدن
43	آن
44	تا
45	اوایل
46	زمستان
47	سال‌جاری
48	طول
49	می‌کشد
50	.
0	وزیر
1	امور
2	اقتصادی
3	و
4	دارایی
5	با
6	بیان
7	اینکه
8	تحریمی
9	که
10	می‌خواهند
11	در
12	۱۳
13	آبان
14	اعلام
15	کنند
16	قبلا
17	اجرایی
18	کرده‌اند
19	،
20	گفت
21	:
22	اولین
23	برنامه
24	مدنظر
25	،
26	تامین
27	مالی
28	اقتصادی
29	و
30	دومین
31	کار
32	بهبود
33	فضای
34	کسب‌وکار
35	اقتصادی
36	ازطریق
37	تسهیل
38	شرایط
39	گمرکی
40	است
41	.
0	به
1	گزارش
2	فارس
3	،
4	فرهاد
5	دژ
6	پسند
7	وزیر
8	امور
9	اقتصادی
10	و
11	دارایی
12	با
13	بیان
14	اینکه
15	تحریمی
16	که
17	می‌خواهند
18	در
19	۱۳
20	آبان
21	اعلام
22	کنند
23	،
24	قبلا
25	اجرایی
26	کرده‌اند
27	،
28	گفت
29	:
30	در
31	وزارت
32	امور
33	اقتصادی
34	و
35	دارایی
36	در
37	حال
38	رصد
39	برنامه‌های
40	دشمن
41	و
42	در
43	حال
44	آماده‌سازی
45	بسته‌هایی
46	برای
47	مواجهه
48	با
49	این
50	دشمنی‌ها
51	هستیم
52	.
0	دژ
1	پسند
2	درباره
3	برنامه‌های
4	اصلی
5	خود
6	در
7	وزارت
8	امور
9	اقتصادی
10	و
11	دارایی
12	گفت
13	:
14	طبیعی
15	است
16	که
17	در
18	این
19	شرایط
20	همه
21	انتظار
22	دارند
23	که
24	باتوجه
25	به
26	تحریم‌های
27	دشمن
28	،
29	ببینند
30	ما
31	چه
32	برنامه‌ای
33	را
34	تدارک
35	دیدیم
36	.
0	وی
1	افزود
2	:
3	اولین
4	برنامه
5	مدنظر
6	،
7	تامین
8	مالی
9	اقتصادی
10	است
11	.
0	دومین
1	کار
2	بهبود
3	فضای
4	کسب‌وکار
5	اقتصادی
6	ازطریق
7	تسهیل
8	شرایط
9	گمرکی
10	است
11	.
0	سومین
1	کار
2	این
3	است
4	که
5	بتوانیم
6	سیاست‌های
7	خصوصی‌سازی
8	را
9	همان‌طور
10	که
11	دراصل
12	۴۴
13	آمده است
14	پیاده
15	کنیم
16	و
17	درنهایت
18	با
19	الکترونیکی
20	کردن
21	و
22	ساماندهی
23	مشخص
24	،
25	با
26	فساد
27	مقابله
28	کنیم
29	چراکه
30	فساد
31	،
32	اقتصاد
33	را
34	زمین‌گیر
35	می‌کند
36	.
0	امیدوارم
1	در
2	این
3	کارها
4	با
5	همکاری
6	دیگران
7	،
8	گام
9	بلندی
10	برداریم
11	.
0	=======
1	﻿مقام
2	معظم
3	رهبری
4	در
5	دیدار
6	رئیس
7	و
8	مسئولان
9	سازمان
10	پدافند
11	غیرعامل
12	اظهار
13	داشتند
14	:
15	پدافند
16	غیرعامل
17	درمقابل
18	تهاجم
19	دشمنان
20	علمی
21	،
22	جدی
23	و
24	همه‌جانبه
25	باشد
26	.
0	به
1	گزارش
2	پایگاه
3	اطلاع‌رسانی
4	دفتر
5	حفظ
6	و
7	نشر
8	آثار
9	رهبر
10	معظم
11	انقلاب
12	،
13	حضرت
14	آیت‌الله
15	خامنه‌ای
16	رهبر
17	معظم
18	انقلاب
19	اسلامی
20	ظهر
21	امروز
22	(
23	یکشنبه
24	6
25	آبان
26	)
27	در
28	این
29	دیدار
30	با
31	اشاره
32	به
33	اهمیت
34	روزافزون
35	پدافند
36	غیرعامل
37	در
38	مقابله
39	با
40	تهدیدهای
41	نو
42	شونده
43	دشمنان
44	،
45	تأکید
46	کردند
47	:
48	درمقابل
49	شیوه‌های
50	پیچیده
51	تهاجم
52	دشمنان
53	،
54	پدافند
55	غیرعامل
56	نیز
57	باید
58	کاملاً
59	هوشیار
60	و
61	جدی
62	باشد
63	و
64	به
65	صورت
66	علمی
67	،
68	دقیق
69	،
70	به‌روز
71	و
72	همه‌جانبه
73	عمل
74	و
75	با
76	هرگونه
77	نفوذ
78	مقابله
79	کند
80	.
0	حضرت
1	آیت‌الله
2	خامنه‌ای
3	توجه
4	مسئولان
5	در
6	همه
7	بخش‌ها
8	به
9	اهمیت
10	پدافند
11	غیرعامل
12	را
13	لازم
14	دانستند
15	و
16	افزودند
17	:
18	اگر
19	مدیران
20	کشور
21	اهمیت
22	این
23	مسئله
24	را
25	درک
26	نکنند
27	و
28	پدافند
29	غیرعامل
30	به
31	طور
32	شایسته
33	توسعه
34	پیدا
35	نکند
36	،
37	کشور
38	در
39	معرض
40	تهدیدهای
41	بعضاً
42	غیرقابل‌جبران
43	قرار
44	خواهد گرفت
45	،
46	بنابراین
47	مسئولان
48	بخش‌های
49	مختلف
50	کشور
51	چه
52	بخش‌های
53	نظامی
54	و
55	چه
56	بخش‌های
57	غیرنظامی
58	،
59	باید
60	با
61	پدافند
62	غیرعامل
63	همکاری
64	کامل
65	و
66	لازم
67	انجام
68	دهند
69	.
0	ایران
1	و
2	اتحادیه
3	اروپا
4	برای
5	رونمایی
6	از
7	یک
8	تونل
9	مالی
10	ویژه
11	،
12	با
13	هدف
14	خنثی‌سازی
15	اثر
16	تحریم‌های
17	آمریکا
18	و
19	هموار
20	شدن
21	راه
22	تجارت
23	بین
24	کشورمان
25	با
26	جهان
27	آماده
28	می‌شوند
29	.
0	ایجاد
1	کانال
2	ویژه
3	مالی
4	اروپا
5	یکی
6	از
7	گام‌های
8	عملی
9	برای
10	حفظ
11	برجام
12	و
13	بهره‌مندی
14	ایران
15	از
16	منافع
17	اقتصادی
18	آن
19	ازجمله
20	ایمن
21	ماندن
22	مسیر
23	فروش
24	نفت
25	و
26	دیگر
27	کالاهای
28	صادراتی
29	به
30	اروپا
31	و
32	البته
33	سایر
34	کشورها
35	به‌شمار
36	می‌رود
37	و
38	قرار
39	است
40	مبنای
41	ردوبدل
42	مالی
43	در
44	این
45	کانال
46	ویژه
47	براساس
48	یورو
49	و
50	نه
51	دلار
52	صورت
53	گیرد
54	.
0	به‌گزارش
1	همشهری
2	،
3	عبدالناصر
4	همتی
5	،
6	رئیس‌کل
7	بانک
8	مرکزی
9	ایران
10	در
11	تازه‌ترین
12	واکنش
13	به
14	این
15	موضوع
16	گفته است
17	جزئیات
18	و
19	نحوه
20	استفاده
21	از
22	کانال
23	ویژه
24	مالی
25	اروپا
26	هفته
27	آینده
28	در
29	جریان
30	یک
31	نشست
32	که
33	در
34	شهر
35	بروکسل
36	بلژیک
37	،
38	مقر
39	اتحادیه
40	اروپا
41	برگزار
42	می‌شود
43	،
44	نهایی
45	خواهد شد
46	.
0	او
1	وعده
2	داده
3	جزئیات
4	این
5	کانال
6	ضد
7	‌تحریم
8	به‌زودی
9	اعلام
10	خواهد شد
11	.
0	به
1	گفته
2	این
3	مقام
4	ارشد
5	بانک
6	مرکزی
7	،
8	جزئیات
9	این
10	کانال
11	هفته
12	آینده
13	بین
14	ایران
15	و
16	اروپا
17	موردبررسی
18	نهایی
19	قرار
20	می‌گیرد
21	و
22	هدف
23	نخست
24	آن
25	رفع
26	مشکلات
27	مربوط
28	به
29	انجام
30	پرداخت‌های
31	مالی
32	است
33	.
0	او
1	در
2	صفحه
3	اینستاگرام
4	خود
5	نوشته است
6	:
7	کانال
8	ویژه
9	مالی
10	اروپا
11	،
12	نقش
13	نوعی
14	پیمان
15	پولی
16	دوجانبه
17	میان
18	ایران
19	و
20	اتحادیه
21	اروپا
22	را
23	ایفا
24	خواهد کرد
25	و
26	هر
27	دو
28	طرف
29	بر
30	تسریع
31	در
32	عملیاتی
33	شدن
34	این
35	فرایند
36	تأکید
37	دارند
38	.
0	پیش‌تر
1	در
2	هفته
3	نخست
4	مهرماه
5	فدریکا
6	موگرینی
7	،
8	مسئول
9	سیاست
10	خارجی
11	اتحادیه
12	اروپا
13	،
14	قول
15	داده بود
16	که
17	کانال
18	ویژه
19	مالی
20	اروپا
21	تا
22	قبل‌از
23	10
24	آبان
25	یعنی
26	چند
27	روز
28	مانده
29	به
30	اعمال
31	مرحله
32	دوم
33	تحریم‌های
34	یکجانبه
35	و
36	فراسرزمینی
37	آمریکا
38	علیه
39	ایران
40	ایجاد
41	شود
42	.
0	ایجاد
1	کانال
2	ویژه
3	مالی
4	برمبنای
5	الگوی
6	پیمان
7	دوجانبه
8	پولی
9	به
10	این
11	معناست
12	که
13	بین
14	ایران
15	به‌عنوان
16	کشور
17	صادرکننده
18	نفت
19	و
20	سایر
21	کالاها
22	و
23	کشور
24	خریدار
25	،
26	پول
27	ملی
28	2
29	کشور
30	مبنای
31	عمل
32	تسویه‌حساب
33	قرار
34	می‌گیرد
35	اما
36	پیش‌از
37	این
38	اعلام
39	شده بود
40	که
41	سازوکار
42	مالی
43	پیشنهادشده
44	ازسوی
45	اروپا
46	برمبنای
47	یورو
48	به‌معناًی
49	واحد
50	پولی
51	این
52	قاره
53	خواهد بود
54	و
55	اجرایی
56	شدن
57	آن
58	مستلزم
59	همکاری
60	بانک‌های
61	مرکزی
62	ایران
63	با
64	دیگر
65	بانک‌های
66	مرکزی
67	اروپا
68	ست
69	.
0	ایرنا
1	گزارش
2	داده
3	در
4	قالب
5	سازوکار
6	مالی
7	پیشنهادی
8	اروپا
9	،
10	ایران
11	می‌تواند
12	کالاها
13	ازجمله
14	نفت
15	و
16	فرآورده‌های
17	نفتی
18	را
19	به
20	اروپا
21	صادر
22	و
23	درقبال
24	آن
25	کالاها
26	و
27	خدمات
28	موردنیاز
29	را
30	از
31	کشورهای
32	اروپایی
33	خریداری
34	کند
35	و
36	تهاتر
37	دریافت
38	و
39	پرداخت‌ها
40	بین
41	بانک‌های
42	مرکزی
43	و
44	نه
45	شبکه
46	بانکی
47	صورت
48	می‌پذیرد
49	.
0	«
1	آلبرت
2	بغزیان
3	»
4	استاد
5	اقتصاد
6	دانشگاه
7	تهران
8	می‌گوید
9	:
10	اگر
11	اروپا
12	بخواهد
13	و
14	از
15	آمریکا
16	ترس
17	نداشته باشد
18	،
19	به‌راحتی
20	می‌تواند
21	این
22	کانال
23	ارتباط
24	مالی
25	یورویی
26	را
27	با
28	ایران
29	برقرار
30	کند
31	؛
32	چون
33	حساب‌ها
34	بر
35	پایه
36	یورو
37	نگهداری
38	می‌شود
39	،
40	به‌راحتی
41	می‌توان
42	درآمد
43	حاصل
44	از
45	صادرات
46	ایران
47	را
48	با
49	واردات
50	کالاها
51	و
52	خدمات
53	از
54	حوزه
55	اروپا
56	تهاتر
57	کرد
58	.
0	عباس
1	هشی
2	،
3	کارشناس
4	اقتصادی
5	هم
6	توضیح
7	می‌دهد
8	این
9	کانال
10	یورویی
11	اختراع
12	جدیدی
13	نیست
14	و
15	عملکرد
16	آن
17	همچون
18	اتاق‌های
19	تسویه
20	پایاپای
21	در
22	زمان
23	جنگ
24	تحمیلی
25	خواهد بود
26	.
0	معاون
1	بین‌الملل
2	بانک
3	مرکزی
4	می‌گوید
5	:
6	آمریکایی‌ها
7	پیش‌از
8	١٣
9	آبان
10	هرچه
11	در
12	توان
13	داشتند
14	،
15	انجام
16	دادند
17	اما
18	با
19	برنامه‌ریزی‌ها
20	،
21	تلاش
22	داریم
23	هزینه‌های
24	تحریم
25	را
26	کاهش
27	داده
28	و
29	اجازه
30	ندهیم
31	جریان
32	تجاری
33	کشور
34	متوقف
35	شود
36	؛
37	ضمن
38	آنکه
39	اروپایی‌ها
40	به
41	چند
42	دلیل
43	نمی‌خواهند
44	تجارت
45	با
46	ایران
47	را
48	رها
49	کنند
50	.
0	براساس
1	اعلام
2	بانک
3	صادرات
4	ایران
5	،
6	حسین
7	یعقوبی
8	میاب
9	تأکید
10	می‌کند
11	:
12	تحریم‌های
13	اخیر
14	مانند
15	تحریم‌های
16	سازمان
17	ملل
18	گسترده
19	نیست
20	و
21	به
22	همین
23	دلیل
24	ابزارهای
25	بهتری
26	برای
27	مقابله
28	با
29	آنها
30	در
31	اختیار
32	داریم
33	.
0	معاون
1	بین‌الملل
2	بانک
3	مرکزی
4	تأکید
5	می‌کند
6	:
7	دولت
8	آمریکا
9	سعی
10	کرده است
11	با
12	خروج
13	از
14	برجام
15	،
16	اقتصاد
17	ایران
18	را
19	دچار
20	اختلال
21	کند
22	اما
23	حضور
24	اروپایی‌ها
25	و
26	تعهداتی
27	که
28	دادند
29	،
30	فشار
31	را
32	کم‌تر
33	کرد
34	؛
35	تا
36	زمانی‌که
37	اروپایی‌ها
38	حضور
39	دارند
40	معافیت‌های
41	خوب
42	همچنان
43	وجود
44	خواهد داشت
45	.
0	یعقوبی
1	می‌افزاید
2	:
3	تصور
4	می‌کنم
5	اروپایی‌ها
6	به
7	2
8	دلیل
9	به‌زودی
10	کنار
11	نخواهند رفت
12	؛
13	نخست
14	به‌واسطه
15	جنگ
16	تجاری
17	آنها
18	با
19	آمریکا
20	و
21	دوم
22	اینکه
23	به‌دنبال
24	تقویت
25	جایگاه
26	اروپا
27	در
28	فضای
29	اقتصاد
30	بین‌الملل
31	هستند
32	.
0	رویترز
1	به
2	نقل
3	از
4	3
5	دیپلمات
6	اروپایی
7	گزارش
8	داد
9	:
10	کانال
11	مالی
12	یا
13	سازوکار
14	اتحادیه
15	اروپا
16	برای
17	تسهیل
18	پرداخت
19	پول
20	اقلام
21	صادراتی
22	ایران
23	به
24	اروپا
25	با
26	هدف
27	عبور
28	از
29	تحریم‌های
30	آمریکا
31	،
32	تا
33	سیزدهم
34	آبان
35	به
36	شکل
37	نمادین
38	آماده
39	می‌شود
40	اما
41	عملیاتی
42	شدن
43	آن
44	تا
45	اوایل
46	زمستان
47	سال‌جاری
48	طول
49	می‌کشد
50	.
0	وزیر
1	امور
2	اقتصادی
3	و
4	دارایی
5	با
6	بیان
7	اینکه
8	تحریمی
9	که
10	می‌خواهند
11	در
12	۱۳
13	آبان
14	اعلام
15	کنند
16	قبلا
17	اجرایی
18	کرده‌اند
19	،
20	گفت
21	:
22	اولین
23	برنامه
24	مدنظر
25	،
26	تامین
27	مالی
28	اقتصادی
29	و
30	دومین
31	کار
32	بهبود
33	فضای
34	کسب‌وکار
35	اقتصادی
36	ازطریق
37	تسهیل
38	شرایط
39	گمرکی
40	است
41	.
0	به
1	گزارش
2	فارس
3	،
4	فرهاد
5	دژ
6	پسند
7	وزیر
8	امور
9	اقتصادی
10	و
11	دارایی
12	با
13	بیان
14	اینکه
15	تحریمی
16	که
17	می‌خواهند
18	در
19	۱۳
20	آبان
21	اعلام
22	کنند
23	،
24	قبلا
25	اجرایی
26	کرده‌اند
27	،
28	گفت
29	:
30	در
31	وزارت
32	امور
33	اقتصادی
34	و
35	دارایی
36	در
37	حال
38	رصد
39	برنامه‌های
40	دشمن
41	و
42	در
43	حال
44	آماده‌سازی
45	بسته‌هایی
46	برای
47	مواجهه
48	با
49	این
50	دشمنی‌ها
51	هستیم
52	.
0	دژ
1	پسند
2	درباره
3	برنامه‌های
4	اصلی
5	خود
6	در
7	وزارت
8	امور
9	اقتصادی
10	و
11	دارایی
12	گفت
13	:
14	طبیعی
15	است
16	که
17	در
18	این
19	شرایط
20	همه
21	انتظار
22	دارند
23	که
24	باتوجه
25	به
26	تحریم‌های
27	دشمن
28	،
29	ببینند
30	ما
31	چه
32	برنامه‌ای
33	را
34	تدارک
35	دیدیم
36	.
0	وی
1	افزود
2	:
3	اولین
4	برنامه
5	مدنظر
6	،
7	تامین
8	مالی
9	اقتصادی
10	است
11	.
0	دومین
1	کار
2	بهبود
3	فضای
4	کسب‌وکار
5	اقتصادی
6	ازطریق
7	تسهیل
8	شرایط
9	گمرکی
10	است
11	.
0	سومین
1	کار
2	این
3	است
4	که
5	بتوانیم
6	سیاست‌های
7	خصوصی‌سازی
8	را
9	همان‌طور
10	که
11	دراصل
12	۴۴
13	آمده است
14	پیاده
15	کنیم
16	و
17	درنهایت
18	با
19	الکترونیکی
20	کردن
21	و
22	ساماندهی
23	مشخص
24	،
25	با
26	فساد
27	مقابله
28	کنیم
29	چراکه
30	فساد
31	،
32	اقتصاد
33	را
34	زمین‌گیر
35	می‌کند
36	.
0	امیدوارم
1	در
2	این
3	کارها
4	با
5	همکاری
6	دیگران
7	،
8	گام
9	بلندی
10	برداریم
11	.
