0	دانشکده
1	مدیریت
2	دانشگاه
3	تهران
4	؛
5	داده
6	کاوی
7	چیست
8	و
9	چه
10	فایده‌ای
11	دارد
12	؟
13	داده
14	کاوی
15	علم
16	و
17	فنی
18	است
19	که
20	در
21	سال‌های
22	اخیر
23	و
24	با
25	گسترش
26	استفاده
27	از
28	فناوری
29	اطلاعات
30	و
31	سیستم‌های
32	اطلاعاتی
33	مورد
34	توجه
35	سازمان‌ها
36	قرار
37	گرفت
38	.
0	داده
1	کاوی
2	کاربردهای
3	مختلفی
4	برای
5	سازمان‌ها
6	دارد
7	و
8	می‌تواند
9	برای
10	شرکت‌ها
11	در
12	زمینه‌های
13	مهمی
14	مثل
15	بازاریابی
16	و
17	فروش
18	بسیار
19	راهگشا
20	و
21	مفید
22	باشد
23	.
0	درادامه
1	با
2	مفهوم
3	داده
4	و
5	اطلاعات
6	آشنا
7	می‌شویم
8	و
9	سپس
10	با
11	معنای
12	داده
13	کاوی
14	و
15	کاربردهای
16	آن
17	بیشتر
18	آشنا
19	خواهیم شد
20	:
21	داده
22	با
23	اطلاعات
24	چه
25	فرقی
26	دارد
27	؟
28	بسیاری
29	از
30	مردم
31	به
32	اشتباه
33	می‌پندارند
34	که
35	داده
36	با
37	اطلاعات
38	تفاوت
39	ندارد
40	و
41	عموماً
42	این
43	دو
44	واژه
45	را
46	به
47	جای
48	هم
49	استفاده
50	می‌کنند
51	.
0	داده
1	می‌تواند
2	هر
3	نوع
4	از
5	کاراکتر
6	شامل
7	متن
8	،
9	عدد
10	،
11	کلمه
12	،
13	صدا
14	و
15	تصویر
16	باشد
17	و
18	درصورتی‌که
19	توسط
20	انسان
21	مشاهده
22	شود
23	لزوماً
24	معنای
25	خاصی
26	هم
27	دربر
28	نخواهدداشت
29	.
0	داده‌ها
1	عموماً
2	خام
3	،
4	دسته‌بندی
5	و
6	طبقه‌بندی
7	نشده
8	هستند
9	و
10	درصورتی‌که
11	بخواهیم
12	از
13	آنها
14	به
15	صورت
16	مستقیم
17	استفاده
18	کنیم
19	عموماً
20	بی‌فایده
21	خواهد بود
22	.
0	حال
1	آنکه
2	پس‌از
3	طبقه‌بندی
4	،
5	دسته‌بندی
6	و
7	ساختارد
8	هی
9	به
10	داده‌ها
11	اطلاعات
12	به
13	وجود
14	می‌آید
15	.
0	می‌توان
1	از
2	داده‌ها
3	برای
4	تصمیم‌گیری
5	و
6	یا
7	ایجاد
8	دانش
9	درمورد
10	یک
11	مقوله
12	استفاده
13	کرد
14	.
0	اطلاعات
1	عموماً
2	برای
3	کاربر
4	مفهوم
5	دارد
6	و
7	قابل‌استفاده
8	است
9	.
0	مثال
1	:
2	تاریخ
3	دمای
4	سراسر
5	جهان
6	درصد
7	سال
8	گذشته
9	داده است
10	،
11	حال
12	آنکه
13	روند
14	افزایش
15	یا
16	کاهش
17	دما
18	در
19	این
20	سال‌ها
21	یک
22	اطلاعات
23	است
24	.
0	نمرات
1	دانشجویان
2	یک
3	کلاس
4	داده است
5	،
6	اما
7	ترتیب
8	نمرات
9	،
10	میانگین
11	،
12	و
13	ارتباط
14	نمره
15	این
16	درس
17	با
18	معدل
19	دانشجو
20	یا
21	یک
22	درس
23	دیگر
24	یک
25	نمونه
26	از
27	اطلاعات
28	است
29	.
0	انبوه
1	داده
2	بلای
3	جان
4	سازمان‌ها
5	یک
6	کسب‌وکار
7	فرضی
8	فعال
9	درزمینه
10	فروش
11	را
12	در
13	نظر
14	بگیرید
15	،
16	این
17	سازمان
18	هرروز
19	صدها
20	مورد
21	فروش
22	را
23	از
24	ده‌ها
25	مشتری
26	ثبت
27	می‌کند
28	،
29	تمام
30	داده‌های
31	مربوط
32	به
33	یک
34	خرید
35	ازجمله
36	نام
37	و
38	قیمت
39	و
40	دسته
41	کالاها
42	و
43	اطلاعات
44	مربوط
45	به
46	خریدار
47	را
48	ثبت
49	می‌کند
50	.
0	پس‌از
1	گذشت
2	مدتی
3	این
4	سازمان
5	انبوهی
6	از
7	داده‌ها
8	بی‌معنا
9	دارد
10	که
11	نمی‌تواند
12	از
13	آنها
14	بهره
15	ببرد
16	.
0	این
1	سازمان
2	اگر
3	بخواهد بفهمد
4	کدام
5	مشتریان
6	از
7	چه
8	کالایی
9	بیشتر
10	خوششان
11	آمده
12	راهی
13	ندارد
14	،
15	نمی‌تواند
16	بفهمد
17	خریداران
18	با
19	هزینه
20	بالا
21	از
22	چه
23	کالایی
24	خرید
25	می‌کنند
26	و
27	خریداران
28	با
29	سبد
30	قیمتی
31	پایین
32	چه
33	کالایی
34	را
35	می‌پسندند
36	؛
37	نمی‌داند
38	کدام
39	کالا
40	فروش
41	بهتری
42	دارد
43	،
44	چه
45	کالایی
46	در
47	انبار
48	می‌ماند
49	،
50	چه
51	کالایی
52	حجم
53	سرمایه
54	سازمان
55	را
56	درگیر
57	می‌کند
58	و
59	در
60	یک
61	کلام
62	:
63	از
64	میان
65	انبوه
66	داده
67	هیچ
68	دانش
69	مفیدی
70	استخراج
71	نمی‌کند
72	.
0	داده
1	کاوی
2	چیست
3	؟
4	سازمان‌ها
5	برای
6	تصمیم‌گیری
7	و
8	برنامه‌ریزی
9	به
10	اطلاعات
11	نیاز
12	دارند
13	،
14	بخش
15	مهمی
16	از
17	این
18	اطلاعات
19	از
20	خود
21	سازمان
22	ناشی
23	می‌شود
24	،
25	از
26	داده‌های
27	قبلی
28	و
29	الگوهای
30	عملکرد
31	سازمان
32	استخراج
33	می‌شوند
34	،
35	داده‌های
36	خود
37	سازمان
38	نشان‌دهنده
39	رفتار
40	مشتریان
41	و
42	همکاران
43	و
44	بیان‌کننده
45	موفقیت
46	یا
47	شکست
48	سازمان
49	در
50	یک
51	عمل
52	خاص
53	هستند
54	.
0	برای
1	استخراج
2	اطلاعات
3	مفید
4	از
5	میان
6	انبوه
7	حجم
8	داده‌های
9	ثبت‌شده
10	باید
11	از
12	فن
13	داده
14	کاوی
15	استفاده
16	کرد
17	.
0	داده
1	کاوی
2	فنی
3	است
4	که
5	از
6	میان
7	پایگاه
8	داده
9	سازمان
10	،
11	به
12	دنبال
13	الگوهای
14	پنهان
15	در
16	میان
17	داده‌ها
18	،
19	ارتباط
20	میان
21	آنها
22	،
23	روند
24	و
25	الگوی
26	آنها
27	می‌گردد
28	.
0	داده
1	کاوی
2	از
3	توابع
4	و
5	الگو
6	ریتم‌های
7	پیشرفته
8	ریاضی
9	استفاده
10	می‌کند
11	تا
12	ارتباط
13	میان
14	دو
15	دسته
16	از
17	داده
18	و
19	امکان
20	رخ
21	دادن
22	یک
23	نتیجه
24	را
25	در
26	آینده
27	پیش‌بینی
28	کند
29	.
0	داده
1	کاوی
2	چه
3	کاری
4	می‌تواند
5	انجام
6	دهد
7	؟
8	داده
9	کاوی
10	عموماً
11	توسط
12	سازمان‌های
13	مشتری
14	محور
15	استفاده
16	می‌شود
17	،
18	این
19	سازمان‌ها
20	(
21	فروشگاه‌ها
22	،
23	تولید
24	کنندگان
25	،
26	خرده
27	فروشان
28	و
29	فروشگاه‌های
30	اینترنتی
31	)
32	می‌توانند
33	با
34	استفاده
35	از
36	داده
37	کاوی
38	ارتباط
39	میان
40	اقدامات
41	خود
42	و
43	عوامل
44	درونی
45	سازمان
46	مثل
47	قیمت
48	کالاها
49	،
50	تخفیفات
51	،
52	هزینه
53	تبلیغات
54	و
55	دیگر
56	عوامل
57	داخلی
58	را
59	با
60	عوامل
61	بیرونی
62	مثل
63	مشخصات
64	مشتریان
65	(
66	سن
67	،
68	جنسیت
69	،
70	درآمد
71	و
72	محل
73	سکونت
74	)
75	،
76	رقبا
77	و
78	عوامل
79	عمومی
80	بازار
81	(
82	سطح
83	درآمد
84	جامعه
85	،
86	وضعیت
87	رونق
88	و
89	رکود
90	اقتصادی
91	)
92	را
93	پیدا
94	کنند
95	.
0	علاوه‌براین
1	می‌توان
2	شاخص‌هایی
3	مثل
4	رضایت
5	مشتری
6	،
7	درآمد
8	و
9	سود
10	سازمان
11	،
12	مجموع
13	سرمایه
14	درگردش
15	و
16	هزینه‌های
17	جاری
18	و
19	میزان
20	افزایش
21	و
22	کاهش
23	آنها
24	درطول
25	زمان
26	را
27	استخراج
28	کند
29	.
0	به
1	طور
2	مثال
3	شرکت
4	ویدئوی
5	خانگی
6	از
7	داده‌های
8	سابق
9	مشتریان
10	استفاده
11	می‌کند
12	و
13	به
14	انها
15	ویدئوهایی
16	پیشنهاد
17	می‌دهد
18	تا
19	آنها
20	را
21	تماشا
22	کنند
23	.
0	والمارت
1	(
2	بزرگ‌ترین
3	خرده‌فروش
4	زنجیره‌ای
5	جهان
6	)
7	برای
8	بهبود
9	عمکلرد
10	عرضه
11	کنندگان
12	خود
13	از
14	داده
15	کاوی
16	در
17	مقیاسی
18	وسیع
19	استفاده
20	کرده است
21	.
0	داده‌های
1	۲۹۰۰
2	فروشگاه
3	در
4	۶
5	کشور
6	برای
7	این
8	کار
9	استفاده
10	شده‌اند
11	و
12	درمجموع
13	۷
14	٫
15	۵
16	تر
17	ابایت
18	داده
19	موردبررسی
20	قرار
21	گرفت
22	.
0	۳۵۰۰
1	تأمین‌کننده
2	به
3	داده‌های
4	دسترسی
5	پیدا
6	کردند
7	تا
8	بتوانند
9	الگوهای
10	خرید
11	مشتریان
12	،
13	عمکلرد
14	یک
15	کالا
16	و
17	محصول
18	خاص
19	را
20	بررسی
21	کنند
22	و
23	برنامه‌های
24	خود
25	را
26	بر
27	این
28	پایه
29	و
30	اساس
31	بهبود
32	دهند
33	.
0	استراتژی
1	و
2	داده
3	کاوی
4	صد‌البته
5	کاربردهای
6	داده
7	کاوی
8	بسیار
9	زیاد
10	است
11	و
12	می‌تواند
13	در
14	شرکت‌ها
15	و
16	سازمان‌ها
17	مختلف
18	متفاوت
19	باشد
20	.
0	آنچه
1	در
2	بالا
3	بیان
4	شد
5	خلاصه‌ای
6	از
7	کاربردهای
8	داده
9	کاوی
10	در
11	بخش
12	فروش
13	و
14	بازاریابی
15	بود
16	.
0	شما
1	می‌توانید
2	با
3	استفاده
4	از
5	داده
6	کاوی
7	در
8	حل
9	مشکلات
10	سازمان
11	مفید
12	واقع
13	شوید
14	.
0	استراتژیست‌های
1	بزرگ
2	موفق
3	برای
4	مستدل
5	و
6	دقیق
7	بودن
8	استراتژی‌ها
9	و
10	برنامه
11	ریزی‌های
12	خود
13	باید
14	از
15	داده
16	کاوی
17	و
18	اطلاعات
19	به‌دست‌آمده
20	از
21	آن
22	حداکثر
23	استفاده
24	را
25	ببرند
26	.
0	درواقع
1	برنامه‌ریزی
2	استراتژیک
3	بدون
4	استفاده
5	از
6	داده
7	کاوی
8	مثل
9	رانندگی
10	با
11	چشمان
12	بسته است
13	!
0	اگر
1	یک
2	استراتژیست
3	می
4	خواهد
5	درزمینه
6	برنامه‌ریزی
7	کاربردی
8	و
9	اجرایی
10	موفق
11	باشد
12	باید
13	از
14	سلاح
15	داده
16	کاوی
17	استفاده
18	کند
19	.
0	داده
1	کای
2	چه
3	فایده‌ای
4	دارد
5	؟
6	شناخت
7	مشتریان
8	سودآور
9	:
10	می‌توانید
11	مشتریانی
12	که
13	بیشترین
14	سود
15	شما
16	از
17	آنها
18	حاصل‌شده
19	را
20	شناسایی
21	کنید
22	و
23	برای
24	حفظ
25	وفاداری
26	مشتری
27	تلاش
28	کنید
29	.
0	بهینه‌سازی
1	سبد
2	محصول
3	:
4	شناخت
5	محصولات
6	پرفروش
7	،
8	محصولات
9	سودآور
10	محصولات
11	زیان
12	ده
13	از
14	دیگر
15	فواید
16	داده
17	کاوی
18	است
19	.
0	با
1	این
2	کار
3	می‌توانید
4	در
5	بهتر
6	کردن
7	سبد
8	محصول
9	خود
10	اقدام
11	کنید
12	.
0	شناخت
1	مشتریان
2	وفادار
3	و
4	قدیمی
5	:
6	می‌توانید
7	بفهمید
8	مشتریان
9	قدیمی
10	شما
11	چه
12	کسانی
13	هستند
14	و
15	با
16	چه
17	برنامه‌ای
18	خرید
19	می‌کنند
20	،
21	چه
22	کالایی
23	را
24	دوست
25	دارند
26	و
27	چه
28	کالایی
29	باعث
30	وفاداری
31	آنها
32	شده است
33	.
0	بررسی
1	طول
2	عمر
3	مشتری
4	:
5	با
6	استفاده
7	از
8	داده
9	کاوی
10	می‌توانید
11	طول
12	عمر
13	مشتری
14	و
15	چرخه
16	آن
17	،
18	میزان
19	سود
20	حاصل
21	عایده
22	از
23	هر
24	مشتری
25	در
26	هر
27	مرحله
28	را
29	بررسی
30	کنید
31	.
