0	می‌اندیشم
1	که
2	به
3	لطایف
4	حیل
5	و
6	بدایع
7	تمویهات
8	گرد
9	این
10	غرض
11	درآیم
12	و
13	به
14	هر
15	وجه
16	که
17	ممکن
18	گردد
19	بکوشم
20	تا
21	او
22	را
23	در
24	گرد
25	انم
26	،
27	که
28	اهمال
29	و
30	تقصیر
31	را
32	در
33	مذهب
34	حمیت
35	رخصت
36	نبینم
37	و
38	اگر
39	غفلتی
40	روا
41	دارم
42	به
43	نزدیک
44	اصحاب
45	مروت
46	معذور
47	نباشم
48	.
0	و
1	نیز
2	منزلتی
3	تو
4	نمی‌جویم
5	و
6	در
7	طلب
8	زیادتی
9	قدم
10	نمی‌گزارم
11	که
12	به
13	حرص
14	و
15	گرم‌شکمی
16	منسوب
17	شوم
18	.
0	و
1	شاید
2	بود
3	که
4	چون
5	صورت
6	حال
7	بشناخت
8	و
9	فضیحت
10	خود
11	بدید
12	به
13	مکابره
14	درآید
15	،
16	ساخته
17	و
18	بسیجیده
19	جنگ
20	آغازد
21	،
22	یا
23	مستعد
24	و
25	متشمر
26	روی
27	بگرداند
28	.
0	و
1	اصحاب
2	حزم
3	گناه
4	ظاهر
5	را
6	عقوبت
7	مستور
8	و
9	جرم
10	مستور
11	را
12	عقوبت
13	ظاهر
14	جایز
15	نشمرند
16	.
0	و
1	بباید
2	شناخت
3	که
4	عقوبت
5	غادران
6	زود
7	نازل
8	گردد
9	،
10	و
11	سوگند
12	دروغ
13	قواعد
14	عمر
15	و
16	اساس
17	زندگانی
18	زود
19	با
20	خلل
21	کند
22	،
23	و
24	زبان
25	نبوت
26	بدین
27	دقیقه
28	اشارت
29	کند
30	.
0	آن
1	کس
2	که
3	به
4	تواضع
5	و
6	تضرع
7	مقدمات
8	آزار
9	فرو
10	نتواند
11	گذاشت
12	و
13	در
14	عفو
15	و
16	تجاوز
17	پیش‌دستی
18	و
19	مبادرت
20	نتواند
21	نمود
22	از
23	پیرایه
24	نیکونا
25	می
26	عاطل
27	گردد
28	و
29	در
30	پیش
31	مردان
32	سرافگنده
33	ماند
34	.
0	اینست
1	مثل
2	خردمند
3	روشن
4	رأی
5	که
6	فرصت
7	مصالحت
8	دشمن
9	به
10	وقت
11	حاجت
12	فایت
13	نگرداند
14	و
15	پس‌از
16	حصول
17	غرض
18	از
19	مراعات
20	جانب
21	حزم
22	و
23	احتیاط
24	غافل
25	نباشد
26	.
0	سبحان‌الله
1	!
0	موشی
1	با
2	ضعف
3	و
4	عجز
5	خویش
6	چون
7	آفات
8	بدو
9	محیط
10	گشت
11	و
12	دشمنان
13	غالب
14	گرد
15	او
16	درآمدند
17	دل
18	از
19	جای
20	نبرد
21	و
22	به
23	دقایق
24	مخادعت
25	یکی
26	را
27	از
28	ایشان
29	در
30	دام
31	موافقت
32	کشید
33	،
34	تا
35	بدان
36	وثیقت
37	و
38	وسیلت
39	محنت
40	از
41	وی
42	دور
43	گشت
44	،
45	و
46	از
47	عهده
48	عهد
49	دشمن
50	به
51	وقت
52	بیرون
53	آمد
54	،
55	و
56	پس‌از
57	ادراک
58	نهمت
59	در
60	تصون
61	ذات
62	ابواب
63	تیقظ
64	به
65	جای
66	آورد
67	.
0	اگر
1	اصحاب
2	خرد
3	و
4	کیاست
5	و
6	ذکا
7	و
8	فطنت
9	این
10	تجارب
11	را
12	نمودار
13	عزایم
14	خویش
15	گردانند
16	و
17	در
18	تقدیم
19	مهمات
20	این
21	بشارت
22	را
23	امام
24	سازند
25	فواتح
26	و
27	خواتم
28	کارهای
29	ایشان
30	به
31	مزید
32	دوستکامی
33	و
34	غبط
35	مقرون
36	باشد
37	و
38	سعادت
39	عاجل
40	و
41	آجل
42	به
43	روزگار
44	ایشان
45	متصل
46	گردد
47	،
48	والله
49	ولی
50	التوفیق
51	.
0	آنکه
1	کشیشان
2	و
3	رهبانان
4	و
5	ملکان
6	و
7	ریش‌سفیدان
8	و
9	کدخدایان
10	و
11	رعایای
12	ارامنه
13	ساکنین
14	دارالسلطنه
15	اصفهان
16	بعنایت
17	بی‌غایت
18	شاهانه
19	و
20	شفقت
21	و
22	مرحمت
23	بینهایت
24	پادشاهانه
25	مفتخر
26	و
27	سرافراز
28	و
29	مستظهر
30	و
31	امیدوار
32	بوده
33	بدانند
34	که
35	چون
36	میانه
37	نواب
38	کامیاب
39	همایون
40	و
41	حضرات
42	سلاطین
43	رفیع‌الشأن
44	مسیحیه
45	خصوصا
46	سلطنت
47	و
48	شوکت
49	پناهی
50	قد
51	ره‌ی
52	السلاطین
53	العیسویه
54	کمال
55	محبت
56	و
57	دوستی
58	است
59	و
60	در
61	میانه
62	ما
63	و
64	طوایف
65	مسیحیه
66	یکانکی
67	است
68	و
69	اصلاً
70	جدایی
71	نیست
72	و
73	توجه
74	خاطر
75	اشرف
76	به
77	آن
78	متعلق
79	است
80	که
81	همیشه
82	طوایف
83	مسیحیه
84	از
85	اطراف
86	و
87	جوانب
88	بدین
89	دیار
90	آمدوشد
91	نمایند
92	.
0	و
1	حال
2	آنکه
3	آن
4	کودک
5	دیگر
6	مردی
7	شده است
8	یا
9	زنی
10	؛
11	و
12	زیباست
13	و
14	برومند
15	؛
16	و
17	لابد
18	شوهری
19	می‌خواهد
20	یا
21	زنی
22	؛
23	و
24	لابد
25	بچه‌ای
26	خواهد داشت
27	و…
28	این‌جوری
29	بود
30	که
31	فریادم
32	از
33	درون
34	برخاست
35	که
36	مگر
37	دوام
38	خلقت
39	بر
40	زمینه‌ی
41	لق
42	حسرت‌های
43	تو
44	است
45	احمق
46	؟
47	خیال
48	کرده‌ای
49	!
0	و
1	اصلاً
2	ببینم
3	–
4	مگر
5	کدامیک
6	از
7	بچه‌های
8	سرراهی
9	و
10	یتیم
11	خانه‌ای
12	و
13	پرورشگاهی
14	به
15	دَم
16	روح‌القدس
17	در
18	مشیمه‌ی
19	مادرشان
20	قرار
21	گرفته‌اند
22	؟
23	و
24	مگر
25	چه
26	فرقی
27	هست
28	میان
29	یک
30	پسر
31	کاکل‌زری
32	فلان
33	شازده
34	با
35	بچه‌ی
36	فلان
37	میراب
38	که
39	چون
40	برای
41	بخورونمیر
42	خودش
43	درمانده بوده
44	فرزندش
45	را
46	سر
47	راه
48	گذاشته
49	؟
50	کارت
51	به
52	کارت
53	کردن
54	.
0	دراصل
1	به
2	معنی
3	انتقال
4	وجه
5	بین
6	کارت‌های
7	بانکی
8	عضو
9	شتاب
10	است
11	.
0	اما
1	در
2	اصطلاح
3	به
4	عنوان
5	رشوه
6	دادن
7	تلقی
8	می‌شود
9	.
0	داوری
1	بازی
2	فوتبال
3	دیشبو
4	دیدی
5	؟
6	آره
7	بابا
8	تابلو
9	بود
10	واسه
11	داوره
12	کارت
13	به
14	کارت
15	کردن
16	.
0	میگن
1	مایکروسافت
2	واسه
3	سایت
4	IGN
5	کارت
6	به
7	کارت
8	کرده
9	تا
10	امتیاز
11	بالایی
12	به
13	بازی
14	Halo
15	بده
16	.
0	مارال
1	:
2	بچه‌ها
3	امروز
4	تولد
5	بهنازه
6	،
7	دورهمی
8	داریم
9	.
0	حدیثه
1	:
2	آج
3	جون
4	،
5	دورهمی
6	!
0	مارال
1	:
2	علی
3	کجاست
4	؟
5	کک
6	به
7	تنبونمون
8	انداخت
9	و
10	رفت
11	!
0	حدیثه
1	:
2	خیلی
3	ریلکسه
4	!
0	الان
1	قلپ
2	دوم
3	چاییشه
4	!
0	مارال
1	:
2	تصویرسازیت
3	تو
4	حلقم
5	.
0	مرضا
1	کجاست
2	که
3	بیاد
4	این
5	اصطلاح
6	ِ
7	ادبی
8	ِ‌چاله‌میدونی
9	رو
10	ثبت
11	کنه
12	تو
13	اون
14	بیلبیلک
15	؟
16	(
17	سایت
18	فارسی
19	شهری
20	)
21	مرسده
22	:
23	مرضا
24	اومد
25	ثبت
26	کنه
27	!
0	مرضا
1	:
2	ثبت
3	شد
4	!
0	منتظر
1	تأیید
2	فارسی
3	شهری
4	و
5	این
6	دو
7	تن
8	بر
9	فتند
10	با
11	بگتگین
12	بگفتند
13	که
14	به
15	چه
16	شغل
17	آمده‌اند
18	،
19	که
20	بی‌مثال
21	ِ
22	وی
23	کسی
24	بر
25	قلعت
26	نتوانستی
27	شد
28	.
0	بگتگین
1	کدخدای
2	خویش
3	را
4	با
5	ایشان
6	نامزد
7	کرد
8	و
9	بر
10	قلعت
11	رفتند
12	و
13	پیش
14	امیرمحمد
15	شدند
16	و
17	رسم
18	خدمت
19	را
20	بجای
21	آوردند
22	،
23	امیر
24	گفت
25	:
26	خبر
27	برادرم
28	چیست
29	و
30	لشکرکی
31	خواهد رفت
32	نزدیک
33	وی
34	؟
35	گفتند
36	:
37	«
38	خبر
39	خداوند
40	سلطان
41	همه
42	خیر
43	است
44	،
45	و
46	در
47	این
48	دو
49	سه
50	روز
51	همه
52	لشکر
53	بروند
54	و
55	حاجب
56	بزرگ
57	براثر
58	ایشان
59	،
60	و
61	بندگان
62	بدین
63	آمده‌اند
64	»
65	،
66	و
67	نامه
68	به
69	امیر
70	دادند
71	.
0	بر
1	خواند
2	و
3	لختی
4	تاریکی
5	در
6	وی
7	پیدا
8	آمد
9	.
0	نبیه
1	گفت
2	«
3	زندگانی
4	امیر
5	دراز
6	باد
7	،
8	سلطان
9	که
10	برادر
11	است
12	حق
13	امیر
14	را
15	نگاه
16	دارد
17	و
18	مهربانی
19	نماید
20	.
0	دل
1	بد
2	نباید
3	کرد
4	و
5	به‌قضای
6	خدای
7	عزوجل
8	رضا
9	باید
10	داد
11	و
12	از
13	این
14	باب
15	بسیار
16	سخن
17	نیکو
18	گفت
19	،
20	و
21	فذلک
22	آن
23	بود
24	که
25	بودنی
26	بوده است
27	.
0	به
1	سر
2	نشاط
3	بازباید
4	شد
5	و
6	امیر
7	ایشان
8	را
9	بنواخت
10	و
11	گفت
12	«
13	مرا
14	فراموش
15	مکنید
16	.
0	»
1	و
2	بازگشتند
3	و
4	آنچه
5	رفته بود
6	با
7	حاجب
8	بزرگ
9	علی
10	گفتند
11	.
0	،
1	ای
2	که
3	مرا
4	مایه‌ی
5	حظّیّ
6	و
7	سروریّ
8	و
9	زهر
10	عیب
11	به
12	دوریّ
13	و
14	چو
15	یکپارچه
16	نوری
17	و
18	به
19	دل
20	همچو
21	بلوریّ
22	و
23	مبرّا
24	ز
25	غروریّ
26	و
27	پر
28	از
29	شعر
30	و
31	شعوری
32	،
33	با
34	درودیّ
35	و
36	سلامیّ
37	و
38	نویدیّ
39	و
40	پیامیّ
41	و
42	حدیثی
43	و
44	کلامی
45	زره
46	ِ
47	دور
48	،
49	از
50	این
51	عاشق
52	رنجور
53	،
54	به
55	تو
56	ای
57	دلبر
58	مهجور
59	،
60	که
61	باشی
62	به
63	هنر
64	شهره
65	و
66	مشهور
67	و
68	نباشد
69	به
70	دلت
71	جور
72	و
73	جفایی
74	،
75	که
76	تو
77	خود
78	اصل
79	وفایی
80	و
81	بهین
82	شاعر
83	ماییّ
84	و
85	به
86	درددل
87	عشّاق
88	دوایی
89	،
90	به
91	چه
92	حالی
93	و
94	کجایی
95	،
96	ز
97	برم
98	دور
99	چرایی
100	،
101	ارچه
102	ما
103	را
104	نبود
105	طاقت
106	ِ
107	هجران
108	ِ‌رخَت
109	ایمه
110	ِ
111	زیبا
112	،
113	دارم
114	امید
115	که
116	لطف
117	ِ
118	ازلی
119	در
120	همه
121	احوال
122	بسی
123	شامل
124	حالت
125	شده باشد
126	و
127	دگر
128	همچو
129	گذشته بشوی
130	همره
131	و
132	مأنوس
133	به
134	سلم
135	و
136	خوشی
137	و
138	صدق
139	و
140	صفا
141	و
142	کرم
143	و
144	جود
145	و
146	سخا
147	و
148	دگر
149	الطاف
150	خدا
151	دورکند
152	از
153	تن
154	تو
155	رنج
156	و
157	بلا
158	را
159	!
0	الغرض
1	،
2	تاتو
3	در
4	این
5	دهکده‌ی
6	کوچک
7	ِ
8	رایانه‌ای
9	ازبهر
10	دل
11	ملت
12	بیداردل
13	خویش
14	،
15	به
16	افشاگری
17	و
18	شوخی
19	و
20	طنّازی
21	و
22	هم
23	دادن
24	آگاهی
25	از
26	اسرار
27	مگو
28	دست
29	گشودی
30	،
31	همگان
32	را
33	به
34	سخن‌های
35	پر
36	از
37	شهد
38	و
39	شکر
40	راغب
41	و
42	مشتاق
43	نمودیّ
44	و
45	به
46	نیش
47	قلمت
48	گردوغبار
49	از
50	رخ
51	هر
52	ناکس
53	بی‌مغز
54	و
55	خرد
56	پاک
57	زدودیّ
58	و
59	هم
60	از
61	باطن
62	بی‌مایه‌ی
63	ارباب
64	زر
65	و
66	زور
67	و
68	ریا
69	پرده
70	گشودی
71	.
